COMPARISON: OLD vs NEW scoring on 67 real articles

  Metric               OLD        NEW
  ----------------------------------------
  Min                  0.0000     0.0000
  Max                  0.6133     0.7979
  Mean                 0.1189     0.4652
  Stdev                0.1019     0.2057
  Q1                   0.0594     0.3562
  Median               0.0984     0.4924
  Q3                   0.1553     0.6092

  Bin          OLD count  NEW count
  --------------------------------
  [0.0-0.2)            56          8
  [0.2-0.4)            10         13
  [0.4-0.6)             0         27
  [0.6-0.8)             1         19
  [0.8-1.0]             0          0